################################################################1##################################################################
#........................................................#............#...........................................................#
#........................................................#............#...........................................................#
#........................................................#............#...........................................................#
#........................................................#............#...........................................................#
#........................................................#............#...........................................................#
#........................................................#............#...........................................................#
#........................................................#............#...........................................................#
#........................................................#............#...........................................................#
#........................................................#............#...........................................................#
#..............................###########################............###########################.................................#
#.................................................................................................................................#
#.................................................................................................................................#
#.........................#..........................................................................#............................#
#.........................#........#######################............#######################........#............................#
#.........................#........#.....................#............#.....................#........#............................#
#.........................#........#.....................#............#.....................#........#............................#
#.........................#........#.....................#............#.....................#........#............................#
#.........................#........#.....................#............#.....................#........#............................#
#.........................#........#.....................#............#.....................#........#............................#
#.........................#........#.....................#............#.....................#........#............................#
#.........................#........#.....................#............#.....................#........#............................#
#.........................#........#........................................................#........#............................#
#.........................#........#........................................................#........#............................#
###########################........##################......................##################........##############################
#.................................................................................................................................#
#.................................................................................................................................#
4...............................................................K.................................................................2
#.................................................................................................................................#
#.................................................................................................................................#
###########################........##################......................##################........##############################
#.........................#........#........................................................#........#............................#
#.........................#........#........................................................#........#............................#
#.........................#........#.....................#............#.....................#........#............................#
#.........................#........#.....................#............#.....................#........#............................#
#.........................#........#.....................#............#.....................#........#............................#
#.........................#........#.....................#............#.....................#........#............................#
#.........................#........#.....................#............#.....................#........#............................#
#.........................#........#.....................#............#.....................#........#............................#
#.........................#........#.....................#............#.....................#........#............................#
#.........................#........#######################............#######################........#............................#
#.........................#..........................................................................#............................#
#.................................................................................................................................#
#.................................................................................................................................#
#..............................###########################............###########################.................................#
#........................................................#............#...........................................................#
#........................................................#............#...........................................................#
#........................................................#............#...........................................................#
#........................................................#............#...........................................................#
#........................................................#............#...........................................................#
#........................................................#............#...........................................................#
#........................................................#............#...........................................................#
#........................................................#............#...........................................................#
#........................................................#............#...........................................................#
################################################################3##################################################################
